// Jest Snapshot v1, https://goo.gl/fbAQLP

exports[`OnboardingPage matches snapshot 1`] = `
<DocumentFragment>
  <div
    class="container"
  >
    <div>
      Header
    </div>
    <div
      class="gradient-ball"
    />
    <div
      class="gradient-ball-2"
    />
    <div
      class="gradient-ball-3"
    />
    <div
      class="gradient-ball-4"
    />
    <div
      class="gradient-ball-5"
    />
    <header
      class="main-header"
    >
      <p
        class="logo0"
      >
        Understand your emotions with every word.
      </p>
      <h1
        class="logo"
      >
        Your AI Voice Diary
      </h1>
      <p
        class="subtitle"
      >
        listens, analyzes your tone, and helps you reflect on your feelings over time.
      </p>
    </header>
    <section
      class="features"
    >
      <div
        class="card"
      >
        <h3>
          Voice Journaling
        </h3>
        <p>
          Just talk—no typing needed.
        </p>
        <p>
          Record your thoughts in seconds, anytime. VoiceDiary captures your tone, pace, and emotions naturally.
        </p>
      </div>
      <div
        class="card"
      >
        <h3>
          Emotion Analysis
        </h3>
        <p>
          Understand how you truly feel.
        </p>
        <p>
          AI detects sadness, stress, joy, and more— then summarizes your emotional state.
        </p>
      </div>
      <div
        class="card"
      >
        <h3>
          Mood Calendar
        </h3>
        <p>
          See patterns over time.
        </p>
        <p>
          Color days highlight your emotional trends. Tap any date to revisit past reflections.
        </p>
      </div>
    </section>
    <div
      class="cta-button"
    >
      <button
        class="try-now-btn"
      >
        Get started
      </button>
    </div>
    <section
      class="try-block"
    >
      <div
        class="Instr"
      >
        <h2>
          Try It Now — No Signup Needed
        </h2>
        <p>
          Get gentle, actionable suggestions. Based on your entries, VoiceDiary offers self-care tips or prompts for deeper reflection.
        </p>
      </div>
      <div
        class="how-works"
      >
        <h2>
          How Voice Diary works?
        </h2>
        <h4>
          Record
        </h4>
        <p>
          Speak freely about your day, thoughts, or worries
        </p>
        <h4>
          Analyze
        </h4>
        <p>
          We detect emotions, key topics, and mood trends.
        </p>
      </div>
    </section>
    <div
      class="record-section-container"
      id="record"
    >
      <div
        class="prompt-message"
      >
        <p>
          What events were important to you today?
        </p>
      </div>
      <div>
        <button>
          Start Recording
        </button>
        <button>
          Mock Result
        </button>
      </div>
    </div>
    <div>
      WaveAnimation idle
    </div>
  </div>
</DocumentFragment>
`;
